
> customer-web@0.1.0 build
> next build

   ▲ Next.js 15.3.2
   - Environments: .env

   Creating an optimized production build ...
 ✓ Compiled successfully in 10.0s
   Linting and checking validity of types ...
Terminate batch job (Y/N)? 